Listening for transport dt_socket at address: 5005
Debugger failed to attach: handshake failed - connection prematurally closed
10:00:54 WARN  [io.qu.re.mu.de.ResteasyMutinyProcessor] (build-14) The quarkus-resteasy-mutiny extension is deprecated. Switch to Quarkus REST instead.
This extension adds support for Uni and Multi to RESTEasy Classic, without using the reactive execution model, as RESTEasy Classic does not use it. To properly integrate Mutiny and RESTEasy, use Quarkus REST. See https://quarkus.io/guides/getting-started-reactive for detailed instructions
__  ____  __  _____   ___  __ ____  ______ 
 --/ __ \/ / / / _ | / _ \/ //_/ / / / __/ 
 -/ /_/ / /_/ / __ |/ , _/ ,< / /_/ /\ \   
--\___\_\____/_/ |_/_/|_/_/|_|\____/___/   
10:00:55 WARN  [or.hi.bo.mo.in.CollectionBinder] (Quarkus Main Thread) Association 'com.intermarche.fidelity.domain.FidelityRule.tiers' is 'mappedBy' another entity and should not specify an '@OrderColumn' (use '@OrderBy' instead)
10:00:55 WARN  [or.hi.bo.mo.in.CollectionBinder] (Quarkus Main Thread) Association 'com.intermarche.fidelity.domain.EarnTrace.lines' is 'mappedBy' another entity and should not specify an '@OrderColumn' (use '@OrderBy' instead)
10:00:55 WARN  [io.qu.config] (Quarkus Main Thread) Unrecognized configuration key "quarkus.threading.virtual.enabled" was provided; it will be ignored; verify that the dependency extension for this configuration is set or that you did not make a typo
10:00:55 WARN  [io.qu.config] (Quarkus Main Thread) Unrecognized configuration key "quarkus.hibernate-orm.jdbc.order_inserts" was provided; it will be ignored; verify that the dependency extension for this configuration is set or that you did not make a typo
10:00:55 WARN  [io.qu.config] (Quarkus Main Thread) Unrecognized configuration key "quarkus.hibernate-orm.jdbc.order_updates" was provided; it will be ignored; verify that the dependency extension for this configuration is set or that you did not make a typo
10:00:55 WARN  [io.qu.config] (Quarkus Main Thread) Unrecognized configuration key "quarkus.hibernate-orm.jdbc.batch_size" was provided; it will be ignored; verify that the dependency extension for this configuration is set or that you did not make a typo
10:00:55 WARN  [io.qu.config] (Quarkus Main Thread) The "quarkus.hibernate-orm.database.generation" config property is deprecated and should not be used anymore.
10:00:55 WARN  [io.qu.config] (Quarkus Main Thread) The "quarkus.log.console.enable" config property is deprecated and should not be used anymore.
10:00:56 INFO  [co.in.fi.se.SecurityBootstrap] (Quarkus Main Thread) Bootstrap users created: 'pos' (pos), 'admin' (fid-admin)
10:00:56 WARN  [co.ne.sc.UnknownKeywordFactory] (Quarkus Main Thread) Unknown keyword x-label - you should define your own Meta Schema. If the keyword is irrelevant for validation, just use a NonValidationKeyword or if it should generate annotations AnnotationKeyword
10:00:56 WARN  [co.ne.sc.UnknownKeywordFactory] (Quarkus Main Thread) Unknown keyword x-widget - you should define your own Meta Schema. If the keyword is irrelevant for validation, just use a NonValidationKeyword or if it should generate annotations AnnotationKeyword
10:00:56 WARN  [co.ne.sc.UnknownKeywordFactory] (Quarkus Main Thread) Unknown keyword x-unit - you should define your own Meta Schema. If the keyword is irrelevant for validation, just use a NonValidationKeyword or if it should generate annotations AnnotationKeyword
10:00:56 WARN  [co.ne.sc.UnknownKeywordFactory] (Quarkus Main Thread) Unknown keyword x-item-label - you should define your own Meta Schema. If the keyword is irrelevant for validation, just use a NonValidationKeyword or if it should generate annotations AnnotationKeyword
10:00:56 WARN  [co.ne.sc.UnknownKeywordFactory] (Quarkus Main Thread) Unknown keyword x-unit-from - you should define your own Meta Schema. If the keyword is irrelevant for validation, just use a NonValidationKeyword or if it should generate annotations AnnotationKeyword
10:00:56 INFO  [co.in.fi.ru.EarnRuleRegistry] (Quarkus Main Thread) Earn rule registry started: 8 schemas registered [BRAND_TIERED_EARN, CALENDAR_FAMILY_EARN, CHALLENGE_EARN, COMMUNITY_EARN, ECOUPON_EARN, MONTHLY_DATE_EARN, PROGRAM_EXCLUSION, TICKET_THRESHOLD_EARN]
10:00:56 INFO  [co.in.fi.se.DataInitializer] (Quarkus Main Thread) Dev/test dataset loaded: 46 products, 11 rules, 4 communities, 9 accounts, 22 movements
10:00:56 INFO  [io.quarkus] (Quarkus Main Thread) imfid 1.0-SNAPSHOT on JVM (powered by Quarkus 3.30.6) started in 2.970s. Listening on: http://localhost:8060
10:00:56 INFO  [io.quarkus] (Quarkus Main Thread) Profile dev activated. Live Coding activated.
10:00:56 INFO  [io.quarkus] (Quarkus Main Thread) Installed features: [agroal, cdi, compose, hibernate-orm, hibernate-orm-panache, hibernate-validator, jdbc-h2, jdbc-postgresql, mailer, narayana-jta, qute, resteasy, resteasy-client, resteasy-client-jackson, resteasy-client-jaxb, resteasy-client-mutiny, resteasy-jackson, resteasy-jaxb, resteasy-multipart, resteasy-mutiny, resteasy-qute, scheduler, security, security-jpa, smallrye-context-propagation, smallrye-graphql, smallrye-graphql-client, smallrye-health, smallrye-openapi, swagger-ui, vertx]
Debugger failed to attach: handshake failed - connection prematurally closed
Debugger failed to attach: handshake failed - connection prematurally closed
04:16:34 INFO  [co.in.fi.ba.BatchScheduler] (vert.x-worker-thread-3) Scheduled PURGE: 0 accounts, 0.00 € purged
05:10:17 INFO  [co.in.fi.ba.BatchScheduler] (vert.x-worker-thread-3) Scheduled ACTIVATION_VOID: 0 accounts, 0.00 € voided
04:08:27 INFO  [co.in.fi.ba.BatchScheduler] (vert.x-worker-thread-3) Scheduled PURGE: 0 accounts, 0.00 € purged
05:01:28 INFO  [co.in.fi.ba.BatchScheduler] (vert.x-worker-thread-3) Scheduled ACTIVATION_VOID: 0 accounts, 0.00 € voided
04:11:15 INFO  [co.in.fi.ba.BatchScheduler] (vert.x-worker-thread-3) Scheduled PURGE: 0 accounts, 0.00 € purged
05:14:19 INFO  [co.in.fi.ba.BatchScheduler] (vert.x-worker-thread-3) Scheduled ACTIVATION_VOID: 0 accounts, 0.00 € voided
04:16:47 INFO  [co.in.fi.ba.BatchScheduler] (vert.x-worker-thread-3) Scheduled PURGE: 0 accounts, 0.00 € purged
05:04:10 INFO  [co.in.fi.ba.BatchScheduler] (vert.x-worker-thread-3) Scheduled ACTIVATION_VOID: 0 accounts, 0.00 € voided
04:00:39 INFO  [co.in.fi.ba.BatchScheduler] (vert.x-worker-thread-3) Scheduled PURGE: 0 accounts, 0.00 € purged
05:10:48 INFO  [co.in.fi.ba.BatchScheduler] (vert.x-worker-thread-3) Scheduled ACTIVATION_VOID: 0 accounts, 0.00 € voided
04:05:54 INFO  [co.in.fi.ba.BatchScheduler] (vert.x-worker-thread-3) Scheduled PURGE: 0 accounts, 0.00 € purged
05:11:51 INFO  [co.in.fi.ba.BatchScheduler] (vert.x-worker-thread-3) Scheduled ACTIVATION_VOID: 0 accounts, 0.00 € voided
Debugger failed to attach: handshake failed - connection prematurally closed
Debugger failed to attach: handshake failed - connection prematurally closed
04:01:29 INFO  [co.in.fi.ba.BatchScheduler] (vert.x-worker-thread-3) Scheduled PURGE: 0 accounts, 0.00 € purged
05:07:00 INFO  [co.in.fi.ba.BatchScheduler] (vert.x-worker-thread-3) Scheduled ACTIVATION_VOID: 0 accounts, 0.00 € voided
Debugger failed to attach: handshake failed - connection prematurally closed
