Listening for transport dt_socket at address: 63954
18:08:05 WARN  [io.qu.re.mu.de.ResteasyMutinyProcessor] (build-18) The quarkus-resteasy-mutiny extension is deprecated. Switch to Quarkus REST instead.
This extension adds support for Uni and Multi to RESTEasy Classic, without using the reactive execution model, as RESTEasy Classic does not use it. To properly integrate Mutiny and RESTEasy, use Quarkus REST. See https://quarkus.io/guides/getting-started-reactive for detailed instructions
AuthState()
__  ____  __  _____   ___  __ ____  ______ 
 --/ __ \/ / / / _ | / _ \/ //_/ / / / __/ 
 -/ /_/ / /_/ / __ |/ , _/ ,< / /_/ /\ \   
--\___\_\____/_/ |_/_/|_/_/|_|\____/___/   
18:08:07 WARN  [io.qu.config] (Quarkus Main Thread) Unrecognized configuration key "quarkus.threading.virtual.enabled" was provided; it will be ignored; verify that the dependency extension for this configuration is set or that you did not make a typo
18:08:07 WARN  [io.qu.config] (Quarkus Main Thread) Unrecognized configuration key "quarkus.hibernate-orm.jdbc.order_inserts" was provided; it will be ignored; verify that the dependency extension for this configuration is set or that you did not make a typo
18:08:07 WARN  [io.qu.config] (Quarkus Main Thread) Unrecognized configuration key "quarkus.hibernate-orm.jdbc.order_updates" was provided; it will be ignored; verify that the dependency extension for this configuration is set or that you did not make a typo
18:08:07 WARN  [io.qu.config] (Quarkus Main Thread) Unrecognized configuration key "quarkus.security.basic.enabled" was provided; it will be ignored; verify that the dependency extension for this configuration is set or that you did not make a typo
18:08:07 WARN  [io.qu.config] (Quarkus Main Thread) Unrecognized configuration key "quarkus.security.users.file.enabled" was provided; it will be ignored; verify that the dependency extension for this configuration is set or that you did not make a typo
18:08:07 WARN  [io.qu.config] (Quarkus Main Thread) Unrecognized configuration key "quarkus.hibernate-orm.jdbc.batch_size" was provided; it will be ignored; verify that the dependency extension for this configuration is set or that you did not make a typo
18:08:07 WARN  [io.qu.config] (Quarkus Main Thread) The "quarkus.hibernate-orm.database.generation" config property is deprecated and should not be used anymore.
18:08:07 WARN  [io.qu.config] (Quarkus Main Thread) The "quarkus.log.console.enable" config property is deprecated and should not be used anymore.
18:08:07 INFO  [co.in.po.se.va.ValuationService] (Quarkus Main Thread) Moteur de valorisation DISTANT actif: http://localhost:8090 (repli local en dégradé, disjoncteur 10s)
18:08:07 INFO  [co.in.po.ui.fi.FidelityService] (Quarkus Main Thread) Service fidélité imfid NON CONFIGURÉ: earn et paiement fidélité désactivés
18:08:07 INFO  [co.in.po.se.sy.RefPullService] (Quarkus Main Thread) Tirage des référentiels désactivé (rôle store ou pos.sync.store-url absent)
Checksum: -490662445 392867395 50692395 73422919 2112320602 31 31
Checksum: -1430980786
Checksum: 1916464046
18:08:08 INFO  [co.in.po.se.sy.SyncPushService] (Quarkus Main Thread) Synchronisation magasin désactivée (pos.sync.store-url absent)
18:08:08 INFO  [io.quarkus] (Quarkus Main Thread) imvaluation 1.0-SNAPSHOT on JVM (powered by Quarkus 3.30.6) started in 2.693s. Listening on: http://localhost:8080
18:08:08 INFO  [io.quarkus] (Quarkus Main Thread) Profile dev activated. Live Coding activated.
18:08:08 INFO  [io.quarkus] (Quarkus Main Thread) Installed features: [agroal, cdi, compose, hibernate-orm, hibernate-orm-panache, hibernate-validator, jdbc-h2, narayana-jta, qute, resteasy, resteasy-client, resteasy-client-jackson, resteasy-client-jaxb, resteasy-client-mutiny, resteasy-jackson, resteasy-jaxb, resteasy-multipart, resteasy-mutiny, resteasy-qute, servlet, smallrye-context-propagation, smallrye-graphql, smallrye-graphql-client, smallrye-openapi, swagger-ui, vertx, websockets-next]
